// Jest Snapshot v1, https://goo.gl/fbAQLP

exports[`ProductsList matches snapshot 1`] = `ShallowWrapper {}`;
